---
source: tui/src/bottom_pane/chat_composer.rs
expression: terminal.backend()
---
"                                                                                                    "
"› $rustdoc  $simplify-code without changing behavior                                                "
"                                                                                                    "
"                                                                                                    "
"                                                                                                    "
"                                                                                                    "
"  rustdoc  [Skill] Add focused RustDoc comments.                                                    "
"                                                                                                    "
"  Press enter to insert or esc to close                                                             "
